(
  """
  An optional filter of the queries.
  """
  filter: [String]
)
