"""
A data type for dates with times
"""
scalar DateTime
