directive @directive(
  argument1: String
  argument2: Int
) on QUERY
