directive @directive on QUERY | MUTATION | SUBSCRIPTION
