"""
A cool description.
"""
directive @directive on QUERY
