enum enumeration {
  ENUM_VALUE_ONE @obselete(by: "v1.2")
}
