enum enumeration {
  """
  The most bare-bone enum ever.
  """
  ENUM_VALUE_ONE
}
