directive @directive(
  argument1: String
) on QUERY
