[GraphDirectiveDefinition]
   [GraphName] directive
   [GraphDirectiveLocations]
      [GraphName] QUERY
      [GraphName] MUTATION
      [GraphName] SUBSCRIPTION
