[GraphUnionDefinition]
   [GraphName] enumeration
   [GraphDescription] A custom description.
