[GraphDirectiveDefinition]
   [GraphName] directive
   [GraphDirectiveLocations]
      [GraphName] QUERY
