[GraphSchemaExtension]
   [GraphName] Test
   [GraphSchemaValues]
      [GraphSchemaValue]
         [GraphOperation] query
         [GraphType] Query
