[GraphInterfaceExtension]
   [GraphName] Test
   [GraphDirectives]
      [GraphDirective]
         [GraphName] ignore
