[GraphEnumDefinition]
   [GraphName] enumeration
   [GraphEnumDefinitionValues]
      [GraphEnumDefinitionValue]
         [GraphName] ENUM_VALUE_ONE
