[GraphFieldSelection]
   [GraphName] name
   [GraphDirectives]
      [GraphDirective]
         [GraphName] include
         [GraphArguments]
            [GraphArgument]
               [GraphName] if
               [GraphVariableValue]
                  [GraphValue] nameIncluded
