[GraphFieldSelection]
   [GraphName] person
   [GraphSelectionSet]
      [GraphFieldSelection]
         [GraphName] name
      [GraphFieldSelection]
         [GraphName] age
