[GraphUnionExtension]
   [GraphName] Direction
   [GraphUnionMembers]
      [GraphName] NORTH
      [GraphName] EAST
      [GraphName] WEST
      [GraphName] SOUTH
