[GraphInputDefinition]
   [GraphName] Person
   [GraphInputFieldsDefinition]
      [GraphArgumentDefinition]
         [GraphName] name
         [GraphType] String
