[GraphEnumDefinition]
   [GraphName] enumeration
   [GraphEnumDefinitionValues]
      [GraphEnumDefinitionValue]
         [GraphName] ENUM_VALUE_ONE
         [GraphDescription] The most bare-bone enum ever.
