[GraphDirectiveDefinition]
   [GraphName] directive
   [GraphValue] Repeatable
   [GraphDirectiveLocations]
      [GraphName] QUERY
