[GraphField]
   [GraphName] field
   [GraphType] Int
   [GraphDescription] This is a field
