[GraphEnumDefinition]
   [GraphName] enumeration
   [GraphDescription] A custom description.
