[GraphField]
   [GraphName] field
   [GraphType] Int
   [GraphArgumentsDefinition]
      [GraphArgumentDefinition]
         [GraphName] directive
         [GraphType] arg
