[GraphName] a
[GraphIntValue]
   [GraphValue] 1
[GraphName] b
[GraphIntValue]
   [GraphValue] 2
[GraphName] c
[GraphIntValue]
   [GraphValue] 3
