[GraphField]
   [GraphName] field
   [GraphType] Int
