[GraphObjectExtension]
   [GraphName] Test
   [GraphInterfaces]
      [GraphName] ITest
