[GraphType] Scalar
   [GraphName] DateTime
   [GraphDescription] A data type for dates with times
