[GraphArgumentsDefinition]
   [GraphArgumentDefinition]
      [GraphName] filter
      [GraphType] [String]
      [GraphListValue]
         [GraphStringValue]
            [GraphValue] Max
