[GraphDocument]
   [GraphOperation] Query
      [GraphSelectionSet]
         [GraphFieldSelection]
            [GraphName] admin
