[GraphEnumExtension]
   [GraphName] Direction
   [GraphEnumDefinitionValues]
      [GraphEnumDefinitionValue]
         [GraphName] South
