[GraphInterfaceExtension]
   [GraphName] Test
   [GraphInterfaces]
      [GraphName] ITest
