[GraphFieldSelection]
   [GraphName] name
   [GraphAlias] fullName
