[GraphEnumDefinition]
   [GraphName] Direction
   [GraphDirectives]
      [GraphDirective]
         [GraphName] include
