[GraphType] Object
   [GraphName] Person
   [GraphInterfaces]
      [GraphName] Creature
      [GraphName] OxygenBased
