[GraphUnionDefinition]
   [GraphName] Creature
   [GraphUnionMembers]
      [GraphName] Human
      [GraphName] Dog
      [GraphName] Cat
