{
  "TypeKind": "Object",
  "Fields": {
    "Fields": [
      {
        "Name": {
          "Value": "property",
          "Location": null
        },
        "Type": {
          "TypeKind": "Named",
          "Name": {
            "Value": "String",
            "Location": null
          },
          "NonNullable": true,
          "Location": null
        },
        "Description": null,
        "Arguments": {
          "Arguments": [],
          "Location": null
        },
        "Directives": {
          "Directives": [],
          "Location": null
        },
        "Location": null
      }
    ],
    "Location": null
  },
  "Interface": null,
  "DefinitionKind": "Type",
  "Executable": false,
  "Directives": {
    "Directives": [],
    "Location": null
  },
  "Name": {
    "Value": "ObjectWithProperty",
    "Location": null
  },
  "Description": null,
  "Location": null
}
