{
  "Data": {
    "name": "Arnold"
  },
  "Errors": [],
  "Extensions": {}
}
