{
  "Data": {
    "name": "Steve"
  },
  "Errors": [
    {
      "Message": "Unhandled exception occured while executing the request.",
      "Locations": [],
      "Path": [],
      "Extensions": {}
    }
  ],
  "Extensions": {}
}
